2026-08-17 05:44:50.423: AKAI LPD8 nicht gefunden! Verfügbare Geräte: ['Arturia KeyStep 32 0', 'Steinberg UR242-1 1']
2026-08-17 05:46:58.734: AKAI LPD8 nicht gefunden! Verfügbare Geräte: ['Arturia KeyStep 32 0', 'Steinberg UR242-1 1']
2026-08-17 05:49:07.045: AKAI LPD8 nicht gefunden! Verfügbare Geräte: ['Arturia KeyStep 32 0', 'Steinberg UR242-1 1']
2026-08-17 05:51:16.079: AKAI LPD8 nicht gefunden! Verfügbare Geräte: ['Arturia KeyStep 32 0', 'Steinberg UR242-1 1']
2026-08-17 05:53:24.394: AKAI LPD8 nicht gefunden! Verfügbare Geräte: ['Arturia KeyStep 32 0', 'Steinberg UR242-1 1']
2026-08-17 05:55:32.697: AKAI LPD8 nicht gefunden! Verfügbare Geräte: ['Arturia KeyStep 32 0', 'Steinberg UR242-1 1']
2026-08-17 05:57:41.034: AKAI LPD8 nicht gefunden! Verfügbare Geräte: ['Arturia KeyStep 32 0', 'Steinberg UR242-1 1']
2026-08-17 05:59:49.348: AKAI LPD8 nicht gefunden! Verfügbare Geräte: ['Arturia KeyStep 32 0', 'Steinberg UR242-1 1']
2026-08-17 06:01:57.658: AKAI LPD8 nicht gefunden! Verfügbare Geräte: ['Arturia KeyStep 32 0', 'Steinberg UR242-1 1']
2026-08-17 06:04:05.975: AKAI LPD8 nicht gefunden! Verfügbare Geräte: ['Arturia KeyStep 32 0', 'Steinberg UR242-1 1']
2026-08-17 06:06:14.282: AKAI LPD8 nicht gefunden! Verfügbare Geräte: ['Arturia KeyStep 32 0', 'Steinberg UR242-1 1']
2026-08-17 06:08:22.596: AKAI LPD8 nicht gefunden! Verfügbare Geräte: ['Arturia KeyStep 32 0', 'Steinberg UR242-1 1']
2026-08-17 06:10:30.900: AKAI LPD8 nicht gefunden! Verfügbare Geräte: ['Arturia KeyStep 32 0', 'Steinberg UR242-1 1']
2026-08-17 06:12:39.211: AKAI LPD8 nicht gefunden! Verfügbare Geräte: ['Arturia KeyStep 32 0', 'Steinberg UR242-1 1']
2026-08-17 06:14:47.527: AKAI LPD8 nicht gefunden! Verfügbare Geräte: ['Arturia KeyStep 32 0', 'Steinberg UR242-1 1']
2026-08-17 06:16:55.850: AKAI LPD8 nicht gefunden! Verfügbare Geräte: ['Arturia KeyStep 32 0', 'Steinberg UR242-1 1']
2026-08-17 06:19:04.174: AKAI LPD8 nicht gefunden! Verfügbare Geräte: ['Arturia KeyStep 32 0', 'Steinberg UR242-1 1']
2026-08-17 06:21:12.503: AKAI LPD8 nicht gefunden! Verfügbare Geräte: ['Arturia KeyStep 32 0', 'Steinberg UR242-1 1']
2026-08-17 06:23:20.827: AKAI LPD8 nicht gefunden! Verfügbare Geräte: ['Arturia KeyStep 32 0', 'Steinberg UR242-1 1']
2026-08-17 06:25:29.142: AKAI LPD8 nicht gefunden! Verfügbare Geräte: ['Arturia KeyStep 32 0', 'Steinberg UR242-1 1']
2026-08-17 06:27:37.450: AKAI LPD8 nicht gefunden! Verfügbare Geräte: ['Arturia KeyStep 32 0', 'Steinberg UR242-1 1']
2026-08-17 06:29:45.764: AKAI LPD8 nicht gefunden! Verfügbare Geräte: ['Arturia KeyStep 32 0', 'Steinberg UR242-1 1']
2026-08-17 06:31:54.092: AKAI LPD8 nicht gefunden! Verfügbare Geräte: ['Arturia KeyStep 32 0', 'Steinberg UR242-1 1']
2026-08-17 06:34:02.397: AKAI LPD8 nicht gefunden! Verfügbare Geräte: ['Arturia KeyStep 32 0', 'Steinberg UR242-1 1']
2026-08-17 06:36:10.706: AKAI LPD8 nicht gefunden! Verfügbare Geräte: ['Steinberg UR242-1 0']
2026-08-17 06:38:19.012: AKAI LPD8 nicht gefunden! Verfügbare Geräte: ['Steinberg UR242-1 0']
2026-08-17 06:40:27.318: AKAI LPD8 nicht gefunden! Verfügbare Geräte: ['Steinberg UR242-1 0']
2026-08-17 06:42:35.632: AKAI LPD8 nicht gefunden! Verfügbare Geräte: ['Steinberg UR242-1 0']
2026-08-17 06:44:43.946: AKAI LPD8 nicht gefunden! Verfügbare Geräte: ['Steinberg UR242-1 0']
2026-08-17 06:46:52.255: AKAI LPD8 nicht gefunden! Verfügbare Geräte: ['Steinberg UR242-1 0']
2026-08-17 06:49:00.564: AKAI LPD8 nicht gefunden! Verfügbare Geräte: ['Steinberg UR242-1 0']
2026-08-17 06:51:08.869: AKAI LPD8 nicht gefunden! Verfügbare Geräte: ['Steinberg UR242-1 0']
2026-08-17 06:53:17.185: AKAI LPD8 nicht gefunden! Verfügbare Geräte: ['Steinberg UR242-1 0']
2026-08-17 06:55:25.498: AKAI LPD8 nicht gefunden! Verfügbare Geräte: ['Steinberg UR242-1 0']
2026-08-17 06:57:33.805: AKAI LPD8 nicht gefunden! Verfügbare Geräte: ['Steinberg UR242-1 0']
2026-08-17 06:59:42.107: AKAI LPD8 nicht gefunden! Verfügbare Geräte: ['Steinberg UR242-1 0']
2026-08-17 07:01:50.417: AKAI LPD8 nicht gefunden! Verfügbare Geräte: ['Steinberg UR242-1 0']
2026-08-17 07:03:58.722: AKAI LPD8 nicht gefunden! Verfügbare Geräte: ['Steinberg UR242-1 0']
2026-08-17 07:06:07.022: AKAI LPD8 nicht gefunden! Verfügbare Geräte: ['Steinberg UR242-1 0']
2026-08-17 07:08:15.338: AKAI LPD8 nicht gefunden! Verfügbare Geräte: ['Steinberg UR242-1 0']
2026-08-17 07:10:23.644: AKAI LPD8 nicht gefunden! Verfügbare Geräte: ['Steinberg UR242-1 0']
2026-08-17 07:12:31.944: AKAI LPD8 nicht gefunden! Verfügbare Geräte: ['Steinberg UR242-1 0']
2026-08-17 07:14:40.243: AKAI LPD8 nicht gefunden! Verfügbare Geräte: ['Steinberg UR242-1 0']
2026-08-17 07:16:48.562: AKAI LPD8 nicht gefunden! Verfügbare Geräte: ['Steinberg UR242-1 0']
2026-08-17 07:18:56.872: AKAI LPD8 nicht gefunden! Verfügbare Geräte: ['Steinberg UR242-1 0']
2026-08-17 07:21:05.179: AKAI LPD8 nicht gefunden! Verfügbare Geräte: ['Steinberg UR242-1 0']
2026-08-17 07:23:13.490: AKAI LPD8 nicht gefunden! Verfügbare Geräte: ['Steinberg UR242-1 0']
2026-08-17 07:25:21.802: AKAI LPD8 nicht gefunden! Verfügbare Geräte: ['Steinberg UR242-1 0']
2026-08-17 07:27:30.130: AKAI LPD8 nicht gefunden! Verfügbare Geräte: ['Steinberg UR242-1 0']
2026-08-17 07:29:38.440: AKAI LPD8 nicht gefunden! Verfügbare Geräte: ['Steinberg UR242-1 0']
2026-08-17 07:31:46.763: AKAI LPD8 nicht gefunden! Verfügbare Geräte: ['Steinberg UR242-1 0']
2026-08-17 07:33:55.077: AKAI LPD8 nicht gefunden! Verfügbare Geräte: ['Steinberg UR242-1 0']
2026-08-17 07:36:03.385: AKAI LPD8 nicht gefunden! Verfügbare Geräte: ['Steinberg UR242-1 0']
2026-08-17 07:38:11.702: AKAI LPD8 nicht gefunden! Verfügbare Geräte: ['Steinberg UR242-1 0']
2026-08-17 07:40:20.008: AKAI LPD8 nicht gefunden! Verfügbare Geräte: ['Steinberg UR242-1 0']
2026-08-17 07:42:28.325: AKAI LPD8 nicht gefunden! Verfügbare Geräte: ['Steinberg UR242-1 0']
2026-08-17 07:44:36.632: AKAI LPD8 nicht gefunden! Verfügbare Geräte: ['Steinberg UR242-1 0']
2026-08-17 07:46:44.934: AKAI LPD8 nicht gefunden! Verfügbare Geräte: ['Steinberg UR242-1 0']
2026-08-17 07:48:53.240: AKAI LPD8 nicht gefunden! Verfügbare Geräte: ['Steinberg UR242-1 0']
2026-08-17 07:51:01.552: AKAI LPD8 nicht gefunden! Verfügbare Geräte: ['Steinberg UR242-1 0']
2026-08-17 07:53:09.868: AKAI LPD8 nicht gefunden! Verfügbare Geräte: ['Steinberg UR242-1 0']
2026-08-17 07:55:18.187: AKAI LPD8 nicht gefunden! Verfügbare Geräte: ['Steinberg UR242-1 0']
2026-08-17 07:57:26.511: AKAI LPD8 nicht gefunden! Verfügbare Geräte: ['Steinberg UR242-1 0']
2026-08-17 07:59:34.837: AKAI LPD8 nicht gefunden! Verfügbare Geräte: ['Steinberg UR242-1 0']
2026-08-17 08:01:43.146: AKAI LPD8 nicht gefunden! Verfügbare Geräte: ['Steinberg UR242-1 0']
2026-08-17 08:03:51.451: AKAI LPD8 nicht gefunden! Verfügbare Geräte: ['Steinberg UR242-1 0']
2026-08-17 08:05:59.763: AKAI LPD8 nicht gefunden! Verfügbare Geräte: ['Steinberg UR242-1 0']
2026-08-17 08:08:08.071: AKAI LPD8 nicht gefunden! Verfügbare Geräte: ['Steinberg UR242-1 0']
2026-08-17 08:10:16.378: AKAI LPD8 nicht gefunden! Verfügbare Geräte: ['Steinberg UR242-1 0']
2026-08-17 08:12:24.683: AKAI LPD8 nicht gefunden! Verfügbare Geräte: ['Steinberg UR242-1 0']
2026-08-17 08:14:32.989: AKAI LPD8 nicht gefunden! Verfügbare Geräte: ['Steinberg UR242-1 0']
2026-08-17 08:16:41.329: AKAI LPD8 nicht gefunden! Verfügbare Geräte: ['Steinberg UR242-1 0']
2026-08-17 08:18:49.645: AKAI LPD8 nicht gefunden! Verfügbare Geräte: ['Steinberg UR242-1 0']
2026-08-17 08:20:57.962: AKAI LPD8 nicht gefunden! Verfügbare Geräte: ['Steinberg UR242-1 0']
2026-08-17 08:23:06.270: AKAI LPD8 nicht gefunden! Verfügbare Geräte: ['Steinberg UR242-1 0']
2026-08-17 08:25:14.578: AKAI LPD8 nicht gefunden! Verfügbare Geräte: ['Steinberg UR242-1 0']
2026-08-17 08:27:22.887: AKAI LPD8 nicht gefunden! Verfügbare Geräte: ['Steinberg UR242-1 0']
2026-08-17 08:29:31.187: AKAI LPD8 nicht gefunden! Verfügbare Geräte: ['Steinberg UR242-1 0']
2026-08-17 08:31:39.673: AKAI LPD8 nicht gefunden! Verfügbare Geräte: ['Steinberg UR242-1 0']
2026-08-17 08:33:47.981: AKAI LPD8 nicht gefunden! Verfügbare Geräte: ['Steinberg UR242-1 0']
2026-08-17 08:35:56.288: AKAI LPD8 nicht gefunden! Verfügbare Geräte: ['Steinberg UR242-1 0']
2026-08-17 08:38:04.602: AKAI LPD8 nicht gefunden! Verfügbare Geräte: ['Steinberg UR242-1 0']
2026-08-17 08:40:12.912: AKAI LPD8 nicht gefunden! Verfügbare Geräte: ['Steinberg UR242-1 0']
2026-08-17 08:42:21.240: AKAI LPD8 nicht gefunden! Verfügbare Geräte: ['Steinberg UR242-1 0']
2026-08-17 08:44:29.544: AKAI LPD8 nicht gefunden! Verfügbare Geräte: ['Steinberg UR242-1 0']
2026-08-17 08:46:37.847: AKAI LPD8 nicht gefunden! Verfügbare Geräte: ['Steinberg UR242-1 0']
2026-08-17 08:48:46.153: AKAI LPD8 nicht gefunden! Verfügbare Geräte: ['Steinberg UR242-1 0']
2026-08-17 08:50:54.465: AKAI LPD8 nicht gefunden! Verfügbare Geräte: ['Steinberg UR242-1 0']
2026-08-17 08:53:02.779: AKAI LPD8 nicht gefunden! Verfügbare Geräte: ['Steinberg UR242-1 0']
2026-08-17 08:55:11.092: AKAI LPD8 nicht gefunden! Verfügbare Geräte: ['Steinberg UR242-1 0']
2026-08-17 08:57:19.411: AKAI LPD8 nicht gefunden! Verfügbare Geräte: ['Steinberg UR242-1 0']
2026-08-17 08:59:27.726: AKAI LPD8 nicht gefunden! Verfügbare Geräte: ['Steinberg UR242-1 0']
2026-08-17 09:01:36.045: AKAI LPD8 nicht gefunden! Verfügbare Geräte: ['Steinberg UR242-1 0']
2026-08-17 09:03:44.359: AKAI LPD8 nicht gefunden! Verfügbare Geräte: ['Steinberg UR242-1 0']
2026-08-17 09:05:52.682: AKAI LPD8 nicht gefunden! Verfügbare Geräte: ['Steinberg UR242-1 0']
2026-08-17 09:08:01.007: AKAI LPD8 nicht gefunden! Verfügbare Geräte: ['Steinberg UR242-1 0']
2026-08-17 09:10:09.334: AKAI LPD8 nicht gefunden! Verfügbare Geräte: ['Steinberg UR242-1 0']
2026-08-17 09:12:17.650: AKAI LPD8 nicht gefunden! Verfügbare Geräte: ['Steinberg UR242-1 0']
2026-08-17 09:14:25.970: AKAI LPD8 nicht gefunden! Verfügbare Geräte: ['Steinberg UR242-1 0']
2026-08-17 09:16:34.289: AKAI LPD8 nicht gefunden! Verfügbare Geräte: ['Steinberg UR242-1 0']
2026-08-17 09:18:42.622: AKAI LPD8 nicht gefunden! Verfügbare Geräte: ['Steinberg UR242-1 0']
2026-08-17 09:20:50.935: AKAI LPD8 nicht gefunden! Verfügbare Geräte: ['Steinberg UR242-1 0']
2026-08-17 09:22:59.253: AKAI LPD8 nicht gefunden! Verfügbare Geräte: ['Steinberg UR242-1 0']
2026-08-17 09:25:07.568: AKAI LPD8 nicht gefunden! Verfügbare Geräte: ['Steinberg UR242-1 0']
2026-08-17 09:27:15.890: AKAI LPD8 nicht gefunden! Verfügbare Geräte: ['Steinberg UR242-1 0']
2026-08-17 09:29:24.215: AKAI LPD8 nicht gefunden! Verfügbare Geräte: ['Steinberg UR242-1 0']
2026-08-17 09:31:32.526: AKAI LPD8 nicht gefunden! Verfügbare Geräte: ['Steinberg UR242-1 0']
2026-08-17 09:33:40.835: AKAI LPD8 nicht gefunden! Verfügbare Geräte: ['Steinberg UR242-1 0']
2026-08-17 09:35:49.147: AKAI LPD8 nicht gefunden! Verfügbare Geräte: ['Steinberg UR242-1 0']
2026-08-17 09:37:57.483: AKAI LPD8 nicht gefunden! Verfügbare Geräte: ['Steinberg UR242-1 0']
2026-08-17 09:40:05.803: AKAI LPD8 nicht gefunden! Verfügbare Geräte: ['Steinberg UR242-1 0']
2026-08-17 09:42:14.127: AKAI LPD8 nicht gefunden! Verfügbare Geräte: ['Steinberg UR242-1 0']
2026-08-17 09:44:22.445: AKAI LPD8 nicht gefunden! Verfügbare Geräte: ['Steinberg UR242-1 0']
2026-08-17 09:46:30.759: AKAI LPD8 nicht gefunden! Verfügbare Geräte: ['Steinberg UR242-1 0']
2026-08-17 09:48:39.070: AKAI LPD8 nicht gefunden! Verfügbare Geräte: ['Steinberg UR242-1 0']
2026-08-17 09:50:47.380: AKAI LPD8 nicht gefunden! Verfügbare Geräte: ['Steinberg UR242-1 0']
2026-08-17 09:52:55.690: AKAI LPD8 nicht gefunden! Verfügbare Geräte: ['Steinberg UR242-1 0']
2026-08-17 09:55:04.000: AKAI LPD8 nicht gefunden! Verfügbare Geräte: ['Steinberg UR242-1 0']
2026-08-17 09:57:12.313: AKAI LPD8 nicht gefunden! Verfügbare Geräte: ['Steinberg UR242-1 0']
2026-08-17 09:59:20.628: AKAI LPD8 nicht gefunden! Verfügbare Geräte: ['Steinberg UR242-1 0']
2026-08-17 10:01:28.946: AKAI LPD8 nicht gefunden! Verfügbare Geräte: ['Steinberg UR242-1 0']
2026-08-17 10:03:37.274: AKAI LPD8 nicht gefunden! Verfügbare Geräte: ['Steinberg UR242-1 0']
2026-08-17 10:05:45.589: AKAI LPD8 nicht gefunden! Verfügbare Geräte: ['Steinberg UR242-1 0']
2026-08-17 10:07:53.909: AKAI LPD8 nicht gefunden! Verfügbare Geräte: ['Steinberg UR242-1 0']
2026-08-17 10:10:02.222: AKAI LPD8 nicht gefunden! Verfügbare Geräte: ['Steinberg UR242-1 0']
2026-08-17 10:12:10.533: AKAI LPD8 nicht gefunden! Verfügbare Geräte: ['Steinberg UR242-1 0']
2026-08-17 10:14:18.847: AKAI LPD8 nicht gefunden! Verfügbare Geräte: ['Steinberg UR242-1 0']
2026-08-17 10:16:27.177: AKAI LPD8 nicht gefunden! Verfügbare Geräte: ['Steinberg UR242-1 0']
2026-08-17 10:18:35.490: AKAI LPD8 nicht gefunden! Verfügbare Geräte: ['Steinberg UR242-1 0']
2026-08-17 10:20:43.804: AKAI LPD8 nicht gefunden! Verfügbare Geräte: ['Steinberg UR242-1 0']
2026-08-17 10:22:52.129: AKAI LPD8 nicht gefunden! Verfügbare Geräte: ['Steinberg UR242-1 0']
2026-08-17 10:25:00.467: AKAI LPD8 nicht gefunden! Verfügbare Geräte: ['Steinberg UR242-1 0']
2026-08-17 10:27:08.784: AKAI LPD8 nicht gefunden! Verfügbare Geräte: ['Steinberg UR242-1 0']
2026-08-17 10:29:17.094: AKAI LPD8 nicht gefunden! Verfügbare Geräte: ['Steinberg UR242-1 0']
2026-08-17 10:31:26.111: AKAI LPD8 nicht gefunden! Verfügbare Geräte: ['Steinberg UR242-1 0']
2026-08-17 10:33:34.442: AKAI LPD8 nicht gefunden! Verfügbare Geräte: ['Steinberg UR242-1 0']
2026-08-17 10:35:42.745: AKAI LPD8 nicht gefunden! Verfügbare Geräte: ['Steinberg UR242-1 0']
2026-08-17 10:37:51.043: AKAI LPD8 nicht gefunden! Verfügbare Geräte: ['Steinberg UR242-1 0']
2026-08-17 10:39:59.351: AKAI LPD8 nicht gefunden! Verfügbare Geräte: ['Steinberg UR242-1 0']
2026-08-17 10:42:07.665: AKAI LPD8 nicht gefunden! Verfügbare Geräte: ['Steinberg UR242-1 0']
2026-08-17 10:44:15.987: AKAI LPD8 nicht gefunden! Verfügbare Geräte: ['Steinberg UR242-1 0']
2026-08-17 10:46:24.299: AKAI LPD8 nicht gefunden! Verfügbare Geräte: ['Steinberg UR242-1 0']
2026-08-17 10:48:32.614: AKAI LPD8 nicht gefunden! Verfügbare Geräte: ['Steinberg UR242-1 0']
2026-08-17 10:50:40.922: AKAI LPD8 nicht gefunden! Verfügbare Geräte: ['Steinberg UR242-1 0']
2026-08-17 10:52:49.227: AKAI LPD8 nicht gefunden! Verfügbare Geräte: ['Steinberg UR242-1 0']
2026-08-17 10:54:57.537: AKAI LPD8 nicht gefunden! Verfügbare Geräte: ['Steinberg UR242-1 0']
2026-08-17 10:57:05.845: AKAI LPD8 nicht gefunden! Verfügbare Geräte: ['Steinberg UR242-1 0']
2026-08-17 10:59:14.170: AKAI LPD8 nicht gefunden! Verfügbare Geräte: ['Steinberg UR242-1 0']
2026-08-17 11:01:22.488: AKAI LPD8 nicht gefunden! Verfügbare Geräte: ['Steinberg UR242-1 0']
2026-08-17 11:03:30.807: AKAI LPD8 nicht gefunden! Verfügbare Geräte: ['Steinberg UR242-1 0']
2026-08-17 11:05:39.133: AKAI LPD8 nicht gefunden! Verfügbare Geräte: ['Steinberg UR242-1 0']
2026-08-17 11:07:47.448: AKAI LPD8 nicht gefunden! Verfügbare Geräte: ['Steinberg UR242-1 0']
2026-08-17 11:09:55.754: AKAI LPD8 nicht gefunden! Verfügbare Geräte: ['Steinberg UR242-1 0']
2026-08-17 11:12:04.063: AKAI LPD8 nicht gefunden! Verfügbare Geräte: ['Steinberg UR242-1 0']
2026-08-17 11:14:12.382: AKAI LPD8 nicht gefunden! Verfügbare Geräte: ['Steinberg UR242-1 0']
2026-08-17 11:16:20.708: AKAI LPD8 nicht gefunden! Verfügbare Geräte: ['Steinberg UR242-1 0']
2026-08-17 11:18:29.043: AKAI LPD8 nicht gefunden! Verfügbare Geräte: ['Steinberg UR242-1 0']
2026-08-17 11:20:37.357: AKAI LPD8 nicht gefunden! Verfügbare Geräte: ['Steinberg UR242-1 0']
2026-08-17 11:22:45.666: AKAI LPD8 nicht gefunden! Verfügbare Geräte: ['Steinberg UR242-1 0']
2026-08-17 11:24:53.989: AKAI LPD8 nicht gefunden! Verfügbare Geräte: ['Steinberg UR242-1 0']
2026-08-17 11:27:02.303: AKAI LPD8 nicht gefunden! Verfügbare Geräte: ['Steinberg UR242-1 0']
2026-08-17 11:29:10.605: AKAI LPD8 nicht gefunden! Verfügbare Geräte: ['Steinberg UR242-1 0']
2026-08-17 11:31:18.936: AKAI LPD8 nicht gefunden! Verfügbare Geräte: ['Steinberg UR242-1 0']
2026-08-17 11:33:27.261: AKAI LPD8 nicht gefunden! Verfügbare Geräte: ['Steinberg UR242-1 0']
2026-08-17 11:35:35.573: AKAI LPD8 nicht gefunden! Verfügbare Geräte: ['Steinberg UR242-1 0']
2026-08-17 11:37:43.892: AKAI LPD8 nicht gefunden! Verfügbare Geräte: ['Steinberg UR242-1 0']
2026-08-17 11:39:52.211: AKAI LPD8 nicht gefunden! Verfügbare Geräte: ['Steinberg UR242-1 0']
2026-08-17 11:42:00.536: AKAI LPD8 nicht gefunden! Verfügbare Geräte: ['Steinberg UR242-1 0']
2026-08-17 11:44:08.888: AKAI LPD8 nicht gefunden! Verfügbare Geräte: ['Steinberg UR242-1 0']
2026-08-17 11:46:17.198: AKAI LPD8 nicht gefunden! Verfügbare Geräte: ['Steinberg UR242-1 0']
2026-08-17 11:48:25.505: AKAI LPD8 nicht gefunden! Verfügbare Geräte: ['Steinberg UR242-1 0']
2026-08-17 11:50:33.811: AKAI LPD8 nicht gefunden! Verfügbare Geräte: ['Steinberg UR242-1 0']
2026-08-17 11:52:42.197: AKAI LPD8 nicht gefunden! Verfügbare Geräte: ['Steinberg UR242-1 0']
2026-08-17 11:54:50.500: AKAI LPD8 nicht gefunden! Verfügbare Geräte: ['Steinberg UR242-1 0']
2026-08-17 11:56:58.807: AKAI LPD8 nicht gefunden! Verfügbare Geräte: ['Steinberg UR242-1 0']
2026-08-17 11:59:07.126: AKAI LPD8 nicht gefunden! Verfügbare Geräte: ['Steinberg UR242-1 0']
2026-08-17 12:01:15.429: AKAI LPD8 nicht gefunden! Verfügbare Geräte: ['Steinberg UR242-1 0']
2026-08-17 12:03:23.736: AKAI LPD8 nicht gefunden! Verfügbare Geräte: ['Steinberg UR242-1 0']
2026-08-17 12:05:32.053: AKAI LPD8 nicht gefunden! Verfügbare Geräte: ['Steinberg UR242-1 0']
2026-08-17 12:07:40.385: AKAI LPD8 nicht gefunden! Verfügbare Geräte: ['Steinberg UR242-1 0']
2026-08-17 12:09:48.695: AKAI LPD8 nicht gefunden! Verfügbare Geräte: ['Steinberg UR242-1 0']
2026-08-17 12:11:57.016: AKAI LPD8 nicht gefunden! Verfügbare Geräte: ['Steinberg UR242-1 0']
2026-08-17 12:14:05.339: AKAI LPD8 nicht gefunden! Verfügbare Geräte: ['Steinberg UR242-1 0']
2026-08-17 12:16:13.648: AKAI LPD8 nicht gefunden! Verfügbare Geräte: ['Steinberg UR242-1 0']
2026-08-17 12:18:21.962: AKAI LPD8 nicht gefunden! Verfügbare Geräte: ['Steinberg UR242-1 0']
2026-08-17 12:20:30.278: AKAI LPD8 nicht gefunden! Verfügbare Geräte: ['Steinberg UR242-1 0']
2026-08-17 12:22:38.596: AKAI LPD8 nicht gefunden! Verfügbare Geräte: ['Steinberg UR242-1 0']
2026-08-17 12:24:46.929: AKAI LPD8 nicht gefunden! Verfügbare Geräte: ['Steinberg UR242-1 0']
2026-08-17 12:26:55.241: AKAI LPD8 nicht gefunden! Verfügbare Geräte: ['Steinberg UR242-1 0']
2026-08-17 12:29:03.559: AKAI LPD8 nicht gefunden! Verfügbare Geräte: ['Steinberg UR242-1 0']
2026-08-17 12:31:11.845: AKAI LPD8 nicht gefunden! Verfügbare Geräte: ['Steinberg UR242-1 0']
2026-08-17 12:33:20.133: AKAI LPD8 nicht gefunden! Verfügbare Geräte: ['Steinberg UR242-1 0']
2026-08-17 12:35:28.414: AKAI LPD8 nicht gefunden! Verfügbare Geräte: ['Steinberg UR242-1 0']
2026-08-17 12:37:36.730: AKAI LPD8 nicht gefunden! Verfügbare Geräte: ['Steinberg UR242-1 0']
2026-08-17 12:39:45.018: AKAI LPD8 nicht gefunden! Verfügbare Geräte: ['Steinberg UR242-1 0']
2026-08-17 12:41:53.308: AKAI LPD8 nicht gefunden! Verfügbare Geräte: ['Steinberg UR242-1 0']
2026-08-17 12:44:01.599: AKAI LPD8 nicht gefunden! Verfügbare Geräte: ['Steinberg UR242-1 0']
2026-08-17 12:46:09.886: AKAI LPD8 nicht gefunden! Verfügbare Geräte: ['Steinberg UR242-1 0']
2026-08-17 12:48:18.164: AKAI LPD8 nicht gefunden! Verfügbare Geräte: ['Steinberg UR242-1 0']
2026-08-17 12:50:26.441: AKAI LPD8 nicht gefunden! Verfügbare Geräte: ['Steinberg UR242-1 0']
2026-08-17 12:52:34.720: AKAI LPD8 nicht gefunden! Verfügbare Geräte: ['Steinberg UR242-1 0']
2026-08-17 12:54:42.999: AKAI LPD8 nicht gefunden! Verfügbare Geräte: ['Steinberg UR242-1 0']
2026-08-17 12:56:51.430: AKAI LPD8 nicht gefunden! Verfügbare Geräte: ['Steinberg UR242-1 0']
2026-08-17 12:58:59.707: AKAI LPD8 nicht gefunden! Verfügbare Geräte: ['Steinberg UR242-1 0']
2026-08-17 13:01:08.000: AKAI LPD8 nicht gefunden! Verfügbare Geräte: ['Steinberg UR242-1 0']
2026-08-17 13:03:16.299: AKAI LPD8 nicht gefunden! Verfügbare Geräte: ['Steinberg UR242-1 0']
2026-08-17 13:05:24.586: AKAI LPD8 nicht gefunden! Verfügbare Geräte: ['Steinberg UR242-1 0']
2026-08-17 13:07:32.864: AKAI LPD8 nicht gefunden! Verfügbare Geräte: ['Steinberg UR242-1 0']
2026-08-17 13:09:41.142: AKAI LPD8 nicht gefunden! Verfügbare Geräte: ['Steinberg UR242-1 0']
2026-08-17 13:11:49.442: AKAI LPD8 nicht gefunden! Verfügbare Geräte: ['Steinberg UR242-1 0']
2026-08-17 13:13:57.726: AKAI LPD8 nicht gefunden! Verfügbare Geräte: ['Steinberg UR242-1 0']
2026-08-17 13:16:06.012: AKAI LPD8 nicht gefunden! Verfügbare Geräte: ['Steinberg UR242-1 0']
2026-08-17 13:18:14.293: AKAI LPD8 nicht gefunden! Verfügbare Geräte: ['Steinberg UR242-1 0']
2026-08-17 13:20:22.576: AKAI LPD8 nicht gefunden! Verfügbare Geräte: ['Steinberg UR242-1 0']
2026-08-17 13:22:30.854: AKAI LPD8 nicht gefunden! Verfügbare Geräte: ['Steinberg UR242-1 0']
2026-08-17 13:24:39.132: AKAI LPD8 nicht gefunden! Verfügbare Geräte: ['Steinberg UR242-1 0']
2026-08-17 13:26:47.415: AKAI LPD8 nicht gefunden! Verfügbare Geräte: ['Steinberg UR242-1 0']
2026-08-17 13:28:55.696: AKAI LPD8 nicht gefunden! Verfügbare Geräte: ['Steinberg UR242-1 0']
2026-08-17 13:31:03.979: AKAI LPD8 nicht gefunden! Verfügbare Geräte: ['Steinberg UR242-1 0']
2026-08-17 13:33:12.260: AKAI LPD8 nicht gefunden! Verfügbare Geräte: ['Steinberg UR242-1 0']
2026-08-17 13:35:20.539: AKAI LPD8 nicht gefunden! Verfügbare Geräte: ['Steinberg UR242-1 0']
2026-08-17 13:37:28.821: AKAI LPD8 nicht gefunden! Verfügbare Geräte: ['Steinberg UR242-1 0']
2026-08-17 13:39:37.105: AKAI LPD8 nicht gefunden! Verfügbare Geräte: ['Steinberg UR242-1 0']
2026-08-17 13:41:45.381: AKAI LPD8 nicht gefunden! Verfügbare Geräte: ['Steinberg UR242-1 0']
2026-08-17 13:43:53.656: AKAI LPD8 nicht gefunden! Verfügbare Geräte: ['Steinberg UR242-1 0']
2026-08-17 13:46:02.039: AKAI LPD8 nicht gefunden! Verfügbare Geräte: ['Steinberg UR242-1 0']
2026-08-17 13:48:10.318: AKAI LPD8 nicht gefunden! Verfügbare Geräte: ['Steinberg UR242-1 0']
2026-08-17 13:50:18.597: AKAI LPD8 nicht gefunden! Verfügbare Geräte: ['Steinberg UR242-1 0']
2026-08-17 13:52:26.875: AKAI LPD8 nicht gefunden! Verfügbare Geräte: ['Steinberg UR242-1 0']
2026-08-17 13:54:35.166: AKAI LPD8 nicht gefunden! Verfügbare Geräte: ['Steinberg UR242-1 0']
2026-08-17 13:56:43.447: AKAI LPD8 nicht gefunden! Verfügbare Geräte: ['Steinberg UR242-1 0']
2026-08-17 13:58:51.797: AKAI LPD8 nicht gefunden! Verfügbare Geräte: ['Steinberg UR242-1 0']
2026-08-17 14:01:00.073: AKAI LPD8 nicht gefunden! Verfügbare Geräte: ['Steinberg UR242-1 0']
2026-08-17 14:03:08.352: AKAI LPD8 nicht gefunden! Verfügbare Geräte: ['Steinberg UR242-1 0']
2026-08-17 14:05:16.635: AKAI LPD8 nicht gefunden! Verfügbare Geräte: ['Steinberg UR242-1 0']
2026-08-17 14:07:24.922: AKAI LPD8 nicht gefunden! Verfügbare Geräte: ['Steinberg UR242-1 0']
2026-08-17 14:09:33.204: AKAI LPD8 nicht gefunden! Verfügbare Geräte: ['Steinberg UR242-1 0']
2026-08-17 14:11:41.485: AKAI LPD8 nicht gefunden! Verfügbare Geräte: ['Steinberg UR242-1 0']
2026-08-17 14:13:49.772: AKAI LPD8 nicht gefunden! Verfügbare Geräte: ['Steinberg UR242-1 0']
2026-08-17 14:15:58.047: AKAI LPD8 nicht gefunden! Verfügbare Geräte: ['Steinberg UR242-1 0']
2026-08-17 14:18:06.328: AKAI LPD8 nicht gefunden! Verfügbare Geräte: ['Steinberg UR242-1 0']
2026-08-17 14:20:14.613: AKAI LPD8 nicht gefunden! Verfügbare Geräte: ['Steinberg UR242-1 0']
2026-08-17 14:22:22.901: AKAI LPD8 nicht gefunden! Verfügbare Geräte: ['Steinberg UR242-1 0']
2026-08-17 14:24:31.180: AKAI LPD8 nicht gefunden! Verfügbare Geräte: ['Steinberg UR242-1 0']
2026-08-17 14:26:39.466: AKAI LPD8 nicht gefunden! Verfügbare Geräte: ['Steinberg UR242-1 0']
2026-08-17 14:28:47.755: AKAI LPD8 nicht gefunden! Verfügbare Geräte: ['Steinberg UR242-1 0']
2026-08-17 14:30:56.055: AKAI LPD8 nicht gefunden! Verfügbare Geräte: ['Steinberg UR242-1 0']
2026-08-17 14:34:06.885: AKAI LPD8 nicht gefunden! Verfügbare Geräte: ['Steinberg UR242-1 0', 'Arturia KeyStep 32 1']
2026-08-17 23:10:26.817: Erfolgreich verbunden mit: LPD8 2
2026-08-17 23:10:26.817: Drücke Strg + C zum Beenden.
2026-08-17 23:10:26.817: 
2026-08-17 23:10:26.817: [GESENDET] Mute -> d8:43:ae:12:04:17#11: False
2026-08-17 23:10:26.817: [GESENDET] Mute -> d8:43:ae:12:04:17#11: True
2026-08-17 23:10:26.817: --> MULTIROOM AKTIV (PC-Direct = -80dB, SnapClient = 0dB)
2026-08-17 23:10:26.817: --> LOKALER MODUS AKTIV (PC-Direct = -6dB, SnapClient = -80dB)
2026-08-17 23:10:26.817: 
2026-08-17 23:10:26.817: Skript beendet.
